# serializer version: 1
# name: test_serp_1684516032_is_correct
  '''
  [
      {
          "type": "general",
          "sub_rank": 0,
          "title": "Abortion - NHS",
          "url": "https://www.nhs.uk/conditions/abortion/",
          "cite": "https://www.nhs.uk \u203a conditions",
          "details": "",
          "text": "An  abortion  is a procedure to end a pregnancy. It's also sometimes known as a termination of pregnancy. The pregnancy is ended either by taking medicines or\u00a0...",
          "timestamp": null,
          "cmpt_rank": 0,
          "serp_rank": 0,
          "crawl_id": null,
          "serp_id": "f468833b92bcba04d43b110f32916a4da64153ba553949ace7e451f7",
          "qry": "abortion",
          "lang": "es",
          "lhs_bar": false
      },
      {
          "type": "general",
          "sub_rank": 0,
          "title": "Abortion - World Health Organization (WHO)",
          "url": "https://www.who.int/news-room/fact-sheets/detail/abortion",
          "cite": "https://www.who.int \u203a ... \u203a Detail",
          "details": "",
          "text": "25 nov 2021  \u2014  Abortion  is a common health intervention. It is safe when carried out using a method recommended by WHO, appropriate to the pregnancy\u00a0...",
          "timestamp": "25 nov 2021",
          "cmpt_rank": 1,
          "serp_rank": 1,
          "crawl_id": null,
          "serp_id": "f468833b92bcba04d43b110f32916a4da64153ba553949ace7e451f7",
          "qry": "abortion",
          "lang": "es",
          "lhs_bar": false
      },
      {
          "type": "general",
          "sub_rank": 0,
          "title": "Abortion - Wikipedia",
          "url": "https://en.wikipedia.org/wiki/Abortion",
          "cite": "https://en.wikipedia.org \u203a wiki",
          "details": [],
          "text": "Abortion  is the termination of a pregnancy by removal or expulsion of an embryo or fetus. An  abortion  that occurs without intervention is known as a\u00a0...",
          "timestamp": null,
          "subtype": "submenu",
          "cmpt_rank": 2,
          "serp_rank": 2,
          "crawl_id": null,
          "serp_id": "f468833b92bcba04d43b110f32916a4da64153ba553949ace7e451f7",
          "qry": "abortion",
          "lang": "es",
          "lhs_bar": false
      },
      {
          "type": "general",
          "sub_rank": 0,
          "title": "Abortion Information | Information About Your Options",
          "url": "https://www.plannedparenthood.org/learn/abortion",
          "cite": "https://www.plannedparenthood.org \u203a ...",
          "details": "",
          "text": "Abortion  is a safe and legal way to end a pregnancy. Learning more about  abortion  methods and options can help you decide if it is the right choice for you.",
          "timestamp": null,
          "cmpt_rank": 3,
          "serp_rank": 3,
          "crawl_id": null,
          "serp_id": "f468833b92bcba04d43b110f32916a4da64153ba553949ace7e451f7",
          "qry": "abortion",
          "lang": "es",
          "lhs_bar": false
      },
      {
          "type": "general",
          "sub_rank": 0,
          "title": "Legal Abortion in Spain | Know the Abortion Act and your rights",
          "url": "https://www.centromedicoaragon.com/en/abortion-services/abortion-and-your-rights/",
          "cite": "https://www.centromedicoaragon.com \u203a abortion-services",
          "details": "",
          "text": "Abortion is legal in Spain. Today we have a law that for the first time allows women to decide until the 14th week of gestation whether or not to interrupt\u00a0...",
          "timestamp": null,
          "cmpt_rank": 4,
          "serp_rank": 4,
          "crawl_id": null,
          "serp_id": "TKTKTK",
          "qry": "abortion",
          "lang": "es",
          "lhs_bar": false
      },
      {
          "sub_rank": 0,
          "type": "img_cards",
          "error": "not implemented",
          "cmpt_rank": 4,
          "serp_rank": 4,
          "crawl_id": null,
          "serp_id": "f468833b92bcba04d43b110f32916a4da64153ba553949ace7e451f7",
          "qry": "abortion",
          "lang": "es",
          "lhs_bar": false
      },
      {
          "type": "general",
          "sub_rank": 0,
          "title": "The World's Abortion Laws - Center for Reproductive Rights",
          "url": "https://reproductiverights.org/maps/worlds-abortion-laws/",
          "cite": "https://reproductiverights.org \u203a w...",
          "details": "",
          "text": "The World  Abortion  Laws Map is the definitive record of the legal status of  abortion  in countries across the globe. Since 1998, the Center for.",
          "timestamp": null,
          "cmpt_rank": 5,
          "serp_rank": 5,
          "crawl_id": null,
          "serp_id": "f468833b92bcba04d43b110f32916a4da64153ba553949ace7e451f7",
          "qry": "abortion",
          "lang": "es",
          "lhs_bar": false
      },
      {
          "type": "general",
          "sub_rank": 0,
          "title": "Medical Abortion - MedlinePlus",
          "url": "https://medlineplus.gov/abortion.html",
          "cite": "https://medlineplus.gov \u203a abortion",
          "details": "",
          "text": "5 ago 2022  \u2014  An  abortion  is a procedure to end a pregnancy. It can be done two different ways: ... If you are thinking of having an  abortion , talk with your\u00a0...",
          "timestamp": "5 ago 2022",
          "cmpt_rank": 6,
          "serp_rank": 6,
          "crawl_id": null,
          "serp_id": "f468833b92bcba04d43b110f32916a4da64153ba553949ace7e451f7",
          "qry": "abortion",
          "lang": "es",
          "lhs_bar": false
      },
      {
          "type": "general",
          "sub_rank": 0,
          "title": "Abortion - Healthdirect",
          "url": "https://www.healthdirect.gov.au/abortion",
          "cite": "https://www.healthdirect.gov.au \u203a ...",
          "details": "",
          "text": "An  abortion  (or termination) is the medical process of ending a pregnancy so it does not result in the birth of a baby. Depending on how many weeks you have\u00a0...",
          "timestamp": null,
          "cmpt_rank": 7,
          "serp_rank": 7,
          "crawl_id": null,
          "serp_id": "f468833b92bcba04d43b110f32916a4da64153ba553949ace7e451f7",
          "qry": "abortion",
          "lang": "es",
          "lhs_bar": false
      },
      {
          "type": "general",
          "sub_rank": 0,
          "title": "What is Abortion? | BPAS",
          "url": "https://www.bpas.org/abortion-care/considering-abortion/what-is-abortion/",
          "cite": "https://www.bpas.org \u203a what-is-ab...",
          "details": "",
          "text": "Abortion  is when a pregnancy is ended so that it doesn't result in the birth of a child. Sometimes it is called 'termination of pregnancy'.",
          "timestamp": null,
          "cmpt_rank": 8,
          "serp_rank": 8,
          "crawl_id": null,
          "serp_id": "f468833b92bcba04d43b110f32916a4da64153ba553949ace7e451f7",
          "qry": "abortion",
          "lang": "es",
          "lhs_bar": false
      },
      {
          "type": "general",
          "sub_rank": 0,
          "title": "Abortion - Tests & treatments - NHS inform",
          "url": "https://www.nhsinform.scot/tests-and-treatments/surgical-procedures/abortion",
          "cite": "https://www.nhsinform.scot \u203a abor...",
          "details": [],
          "text": "An  abortion  (also known as a termination) is the medical process of ending a pregnancy. There are 2 types of  abortion : medical, which uses medication\u00a0...",
          "timestamp": null,
          "subtype": "submenu",
          "cmpt_rank": 9,
          "serp_rank": 9,
          "crawl_id": null,
          "serp_id": "f468833b92bcba04d43b110f32916a4da64153ba553949ace7e451f7",
          "qry": "abortion",
          "lang": "es",
          "lhs_bar": false
      },
      {
          "type": "unknown",
          "cmpt_rank": 10,
          "sub_rank": 0,
          "serp_rank": 10,
          "crawl_id": null,
          "serp_id": "f468833b92bcba04d43b110f32916a4da64153ba553949ace7e451f7",
          "qry": "abortion",
          "lang": "es",
          "lhs_bar": false
      }
  ]
  '''
# ---
